============================= test session starts =============================
platform win32 -- Python 3.11.9, pytest-9.0.2, pluggy-1.6.0
rootdir: C:\Users\nizare\OneDrive - Microsoft\Documents\GitHub\CodeCustodian
configfile: pyproject.toml
plugins: anyio-4.12.1, asyncio-1.3.0, cov-7.0.0
asyncio: mode=Mode.AUTO, debug=False, asyncio_default_fixture_loop_scope=None, asyncio_default_test_loop_scope=function
collected 747 items

tests\e2e\test_azure_deployment.py ..................................... [  4%]
.......                                                                  [  5%]
tests\e2e\test_full_workflow.py ..................
